// Jest Snapshot v1, https://goo.gl/fbAQLP

exports[`actions addApiData - using SnapShot 1`] = `
Object {
  "payload": Object {
    "description": "Two cousins, with different views on art versus commerce, on their way up through the Atlanta rap scene; \\"Earnest 'Earn' Marks,\\" an ambitious college drop-out and his estranged cousin, who suddenly becomes a star.",
    "imdbID": "tt4288182",
    "poster": "a.jpg",
    "ratings": "4.0",
    "title": "Atlanta",
    "trailer": "MpEdJ-mmTlY",
    "year": "2008â€“2013",
  },
  "type": "ADD_API_DATA",
}
`;

exports[`actions setSearchTerm - using SnapShot 1`] = `
Object {
  "payload": "black",
  "type": "SET_SEARCH_TERM",
}
`;
