// Jest Snapshot v1, https://goo.gl/fbAQLP

exports[`Search renders correctly 1`] = `
<div
  className="search"
>
  <Connect(Header)
    showSearch={true}
  />
  <div
    className="search__list"
  />
</div>
`;
